[lfgswap.finance/index.html]
[lfgswap.finance/images/hero.png]
[backblue.gif]
[fade.gif]
[index.html]
[lfgswap.finance/favicon.ico]
[lfgswap.finance/logo.png]
[lfgswap.finance/manifest.json]
[lfgswap.finance/_next/static/css/f8f97fc05f81a8c1.css]
[lfgswap.finance/_next/static/chunks/polyfills-c67a75d1b6f99dc8.js]
[lfgswap.finance/_next/static/chunks/webpack-043339208ac90de8.js]
[lfgswap.finance/_next/static/chunks/framework-b3442b32a4bc4cd8.js]
[lfgswap.finance/_next/static/chunks/main-3597739829272042.js]
[lfgswap.finance/_next/static/chunks/4024-4f4925e3afc34576.js]
[lfgswap.finance/_next/static/chunks/pages/_app-3171952341b5512b.js]
[lfgswap.finance/_next/static/chunks/6682-12f76c92c28c23ca.js]
[lfgswap.finance/_next/static/chunks/pages/index-11d4791bc16d6999.js]
[lfgswap.finance/_next/static/6xdp-9x7APcaK8vVJmgYV/_buildManifest.js]
[lfgswap.finance/_next/static/6xdp-9x7APcaK8vVJmgYV/_ssgManifest.js]
[lfgswap.finance/fonts/BebasNeue.otf]
[lfgswap.finance/index.html]
[lfgswap.finance/_next/static/css/f8f97fc05f81a8c1.css]
[lfgswap.finance/cdn-cgi/challenge-platform/h/g/scripts/jsd/d0ff3ebede6b/main.js]
